[DATA_POINT]
1="HTTP_304"
2="tcp_connect"
3="tcp_connection_count"
4="mic_recv"
5="HTTP_200"
6="mic_pgs"
7="tcp_shutdown"
[END_TRANSACTION]
1="http://127.0.0.1:9528/"
2="http://127.0.0.1:9528/app.js"
3="127.0.0.1_9528_vuser_init_16"
4="http://127.0.0.1:9528/static/img/login_big1.3eb485a7.jpg"
5="http://127.0.0.1:9528/static/img/login_left2.e886d96e.png"
6="http://127.0.0.1:9528/static/img/login_right.a0f85c66.png"
7="http://127.0.0.1:9528/favicon.ico"
8="http://127.0.0.1:9528/static/fonts/element-icons.535877f5.woff"
9="http://127.0.0.1:9528/img/bg/logobg.jpg"
100="http://127.0.0.1:9528/dev-api/git-csm/csmindividual/getCsmIndividualPageByCustNum?customerNum=C0016&r=1584362252783"
101="http://127.0.0.1:9528/dev-api/git-csm/csmaddressinfo/page?current=1&size=5&customerNum=C0016&r=1584362252783"
102="http://127.0.0.1:9528/dev-api/git-csm/csmmanageteam/getCsmManageTeamPageByCusNum?current=1&size=5&customerNum=C0016&r=1584362252783"
103="http://127.0.0.1:9528/dev-api/git-csm/csmrelation/page?current=1&size=5&customerNum=C0016&r=1584362252783"
104="info_ledger_individualCustomer_117"
105="http://127.0.0.1:9528/dev-api/git-chart/customer-chart/getCrdListSumPage?current=1&size=99999999&userNum=&customerName=&orgNum=&certNum=&certType=&customerType=1&r=1584362258050"
106="http://127.0.0.1:9528/dev-api/git-chart/customer-chart/getCrdListSumPage?current=1&size=10&userNum=&customerName=&orgNum=&certNum=&certType=&customerType=1&r=1584362258050"
107="http://127.0.0.1:9528/dev-api/git-chart/customer-chart/getCrdListSumPage?current=1&size=10&userNum=&customerName=&orgNum=01000&certNum=&certType=&customerType=1&r=1584362258382"
108="info_ledger_individualCustomer_137"
109="ledger_individualCustomer_Transaction"
110="http://127.0.0.1:9528/dev-api/git-chart/customer-chart/getCrdListSumPage?current=1&size=10&userNum=&customerName=&orgNum=&certNum=&certType=&customerType=3&r=1584362283340"
111="http://127.0.0.1:9528/dev-api/git-chart/customer-chart/getCrdListSumPage?current=1&size=99999999&userNum=&customerName=&orgNum=&certNum=&certType=&customerType=3&r=1584362283340"
112="http://127.0.0.1:9528/dev-api/git-chart/customer-chart/getCrdListSumPage?current=1&size=10&userNum=&customerName=&orgNum=01000&certNum=&certType=&customerType=3&r=1584362283732"
113="http://127.0.0.1:9528/dev-api/git-chart/customer-chart/getCrdListSumPage?current=1&size=10&userNum=&customerName=%E5%B7%A8%E4%BA%BA&orgNum=01000&certNum=&certType=&customerType=3&r=1584362301114"
114="info_16_ledger_interbankCustomer_6"
115="http://127.0.0.1:9528/dev-api/git-chart/customer-chart/getCrdListSumPage?current=1&size=10&userNum=&customerName=&orgNum=01000&certNum=&certType=&customerType=3&r=1584362304479"
116="info_17_ledger_interbankCustomer_22"
117="http://127.0.0.1:9528/dev-api/git-chart/customer-chart/getCrdListSumPage?current=1&size=10&userNum=&customerName=&orgNum=01000&certNum=420984199910103210&certType=&customerType=3&r=1584362347692"
118="http://127.0.0.1:9528/dev-api/git-chart/customer-chart/getCrdListSumPage?current=1&size=10&userNum=&customerName=&orgNum=01000&certNum=&certType=&customerType=3&r=1584362331725"
119="info_18_ledger_interbankCustomer_37"
120="http://127.0.0.1:9528/dev-api/git-system/dict/dictTranslate?code=org&r=1584362363301"
121="http://127.0.0.1:9528/dev-api/git-chart/customer-chart/getCrdListSumPage?current=1&size=10&userNum=&customerName=&orgNum=01000&certNum=&certType=&customerType=3&r=1584362352972"
122="info_19_ledger_interbankCustomer_51"
123="getList_ledger_interbankCustomer_65"
124="http://127.0.0.1:9528/dev-api/git-system/dept/getList?current=1&size=10&deptName=%E7%8E%89%E5%B1%B1%E5%86%9C%E5%95%86%E9%93%B6%E8%A1%8C&fullName=&orgType="
125="http://127.0.0.1:9528/dev-api/git-chart/customer-chart/getCrdListSumPage?current=1&size=10&userNum=&customerName=&orgNum=16200&certNum=&certType=&customerType=3&r=1584362375243"
126="getList_ledger_interbankCustomer_76"
127="http://127.0.0.1:9528/dev-api/git-chart/customer-chart/getOrgByCust?customerNum=C002&r=1584362388620"
128="http://127.0.0.1:9528/dev-api/git-chart/customer-chart/getCrdListSumPage?current=1&size=10&userNum=&customerName=&orgNum=01000&certNum=&certType=&customerType=3&r=1584362379498"
129="http://127.0.0.1:9528/dev-api/git-chart/ledger-chart/queryLedgerDeatilByOrgTypeThree?customerNum=C0027&crdGrantOrgNum=&r=1584362388620"
130="http://127.0.0.1:9528/dev-api/git-chart/ledger-chart/queryLedgerDeatilByOrgType?customerNum=C0027&r=1584362388620"
131="http://127.0.0.1:9528/dev-api/git-chart/ledger-chart/queryLedgerDeatilByOrgType?customerNum=C008&r=1584362389054"
132="http://127.0.0.1:9528/dev-api/git-chart/ledger-chart/queryLedgerDeatilByOrgTypeThree?customerNum=C008&crdGrantOrgNum=10800&r=1584362389054"
133="info_20_ledger_interbankCustomer_89"
134="http://127.0.0.1:9528/dev-api/git-chart/customer-chart/getCrdListSumPage?current=1&size=10&userNum=&customerName=&orgNum=&certNum=&certType=&customerType=3&r=1584362395383"
135="http://127.0.0.1:9528/dev-api/git-chart/customer-chart/getCrdListSumPage?current=1&size=99999999&userNum=&customerName=&orgNum=&certNum=&certType=&customerType=3&r=1584362395383"
136="http://127.0.0.1:9528/dev-api/git-chart/customer-chart/getCrdListSumPage?current=1&size=10&userNum=&customerName=&orgNum=01000&certNum=&certType=&customerType=3&r=1584362395731"
137="http://127.0.0.1:9528/dev-api/git-csm/csmaddressinfo/page?current=1&size=5&customerNum=C0027&r=1584362400102"
138="http://127.0.0.1:9528/dev-api/git-csm/csmcorporation/getCsmCorporationPageByCusNum?customerNum=C0027&r=1584362400102"
139="ledger_interbankCustomer_Transaction"
140="http://127.0.0.1:9528/dev-api/git-csm/csmrelation/page?current=1&size=5&customerNum=C0027&r=1584362400102"
141="http://127.0.0.1:9528/dev-api/git-csm/csmmanageteam/getCsmManageTeamPageByCusNum?current=1&size=5&customerNum=C0027&r=1584362400102"
142="http://127.0.0.1:9528/dev-api/git-chart/customer-chart/getCrdListSumPage?current=1&size=10&userNum=&customerName=&orgNum=&certNum=&certType=&customerType=3&r=1584362405387"
143="info_2_ledger_interbankCustomer_109"
144="http://127.0.0.1:9528/dev-api/git-chart/customer-chart/getCrdListSumPage?current=1&size=99999999&userNum=&customerName=&orgNum=&certNum=&certType=&customerType=3&r=1584362405387"
145="http://127.0.0.1:9528/dev-api/git-chart/customer-chart/getCrdListSumPage?current=1&size=10&userNum=&customerName=&orgNum=01000&certNum=&certType=&customerType=3&r=1584362406589"
146="info_2_ledger_interbankCustomer_129"
147="http://127.0.0.1:9528/dev-api/git-loan/csmGroupMember/listCsmGroupMemberPage?current=1&size=10&orgNum=01000&customerName=&userNum=&r=1584362428085"
148="http://127.0.0.1:9528/dev-api/git-loan/csmGroupMember/findCsmGroupMemberPage?current=1&size=10&memberCustomerNum=&orgNum=01000&r=1584362428085"
149="http://127.0.0.1:9528/dev-api/git-loan/csmGroupMember/findCsmGroupMemberPage?current=1&size=10&memberCustomerNum=C0034&orgNum=14103&r=1584362434354"
150="http://127.0.0.1:9528/dev-api/git-loan/csmGroupMember/listCsmGroupMemberPage?current=1&size=99999999&orgNum=01000&customerName=&userNum=&r=1584362428085"
151="info_23_ledger_groupCustomer_6"
152="ledger_groupCustomer_Transaction"
153="http://127.0.0.1:9528/dev-api/git-system/dict/dictTranslate?code=org&r=1584362440333"
154="getList_7_ledger_groupCustomer_24"
155="http://127.0.0.1:9528/dev-api/git-system/dept/getList?current=1&size=10&deptName=%E5%9F%8E%E5%8C%BA%E4%BF%A1%E7%94%A8%E7%A4%BE&fullName=&orgType="
156="http://127.0.0.1:9528/dev-api/git-loan/csmGroupMember/listCsmGroupMemberPage?current=1&size=10&orgNum=14103&customerName=&userNum=&r=1584362452820"
157="http://127.0.0.1:9528/dev-api/git-loan/csmGroupMember/findCsmGroupMemberPage?current=1&size=10&memberCustomerNum=C0034&orgNum=14103&r=1584362461001"
158="http://127.0.0.1:9528/dev-api/git-loan/csmGroupMember/findCsmGroupMemberPage?current=1&size=10&memberCustomerNum=C0034&orgNum=14103&r=1584362481918"
159="http://127.0.0.1:9528/dev-api/git-loan/csmGroupMember/listCsmGroupMemberPage?current=1&size=10&orgNum=14103&customerName=%E4%B8%AD%E5%85%B4&userNum=&r=1584362464247"
160="http://127.0.0.1:9528/dev-api/git-loan/csmGroupMember/listCsmGroupMemberPage?current=1&size=10&orgNum=14103&customerName=%E4%B8%AD%E5%85%B4&userNum=&r=1584362490509"
161="http://127.0.0.1:9528/dev-api/git-loan/csmGroupMember/listCsmGroupMemberPage?current=1&size=10&orgNum=&customerName=&userNum=&r=1584362498753"
162="http://127.0.0.1:9528/dev-api/git-loan/csmGroupMember/listCsmGroupMemberPage?current=1&size=10&orgNum=&customerName=&userNum=&r=1584362506694"
163="getList_8_ledger_groupCustomer_37"
164="http://127.0.0.1:9528/dev-api/git-demo/tbcrdsum/getTbCrdGuaranteeSumPage?current=1&size=99999999&userNum=&customerName=&orgNum=&certNum=&certType=&r=1584362561246"
165="http://127.0.0.1:9528/dev-api/git-demo/tbcrdsum/getTbCrdGuaranteeSumPage?current=1&size=10&userNum=&customerName=&orgNum=&certNum=&certType=&r=1584362561246"
166="http://127.0.0.1:9528/dev-api/git-demo/tbcrdsum/getTbCrdGuaranteeSumPage?current=1&size=10&userNum=&customerName=%E9%BB%84%E7%9B%96&orgNum=01000&certNum=&certType=&r=1584362574422"
167="http://127.0.0.1:9528/dev-api/git-demo/tbcrdsum/getTbCrdGuaranteeSumPage?current=1&size=10&userNum=&customerName=&orgNum=01000&certNum=&certType=&r=1584362561656"
168="http://127.0.0.1:9528/dev-api/git-demo/tbcrdsum/getTbCrdGuaranteeSumPage?current=1&size=10&userNum=&customerName=%E9%BB%84%E7%9B%96&orgNum=01000&customerNum=C0017&certNum=&certType=&r=1584362578907"
169="http://127.0.0.1:9528/dev-api/git-demo/tbcrdsum/getTbCrdGuaranteeSumPage?current=1&size=10&userNum=&customerName=%E9%BB%84%E7%9B%96&orgNum=01000&customerNum=C0017&certNum=420984199910102300&certType=&r=1584362585881"
170="http://127.0.0.1:9528/dev-api/git-system/dict/dictTranslate?code=org&r=1584362589003"
171="info_24_ledger_guaranteeLedger_6"
172="getList_9_ledger_guaranteeLedger_25"
173="ledger_guaranteeLedger_Transaction"
174="http://127.0.0.1:9528/dev-api/git-demo/tbcrdsum/getTbCrdGuaranteeSumPage?current=1&size=10&userNum=&customerName=%E9%BB%84%E7%9B%96&orgNum=10100&customerNum=C0017&certNum=420984199910102300&certType=&r=1584362596554"
175="http://127.0.0.1:9528/dev-api/git-demo/tbcrdsum/getTbCrdGuaranteeSumPage?current=1&size=10&userNum=&customerName=%E9%BB%84%E7%9B%96&orgNum=10100&customerNum=C00171&certNum=420984199910102300&certType=&r=1584362604467"
176="getList_1_ledger_guaranteeLedger_36"
177="http://127.0.0.1:9528/dev-api/git-demo/tbcrdsum/getTbCrdGuaranteeSumPage?current=1&size=10&userNum=&customerName=&orgNum=01000&certNum=&certType=&r=1584362608416"
178="http://127.0.0.1:9528/dev-api/git-chart/customer-chart/getOrgByCust?customerNum=C0017&r=1584362613037"
179="http://127.0.0.1:9528/dev-api/git-system/dict/dictTranslate?code=org&r=1584362613037"
180="http://127.0.0.1:9528/dev-api/git-system/dict/dictTranslate?code=CD000209&r=1584362613037"
181="http://127.0.0.1:9528/dev-api/git-system/dict/dictTranslate?code=CD000019&r=1584362613037"
182="http://127.0.0.1:9528/dev-api/git-system/dict/dictTranslate?code=CD000102&r=1584362613037"
183="http://127.0.0.1:9528/dev-api/git-chart/customer-chart/listGuaranteeCrd?customerNum=C0017&orgNum=01000&r=1584362615141"
184="http://127.0.0.1:9528/dev-api/git-chart/customer-chart/listGrtPage?current=1&size=999&customerNum=C002&orgNum=01000&r=1584362615141"
185="http://127.0.0.1:9528/dev-api/git-demo/tbcrdsum/getTbCrdGuaranteeSumPage?current=1&size=10&userNum=&customerName=&orgNum=&certNum=&certType=&r=1584362627858"
186="http://127.0.0.1:9528/dev-api/git-chart/customer-chart/listGrtPage?current=1&size=999&customerNum=C002&orgNum=01000&r=1584362620595"
187="info_25_ledger_guaranteeLedger_50"
188="http://127.0.0.1:9528/dev-api/git-demo/tbcrdsum/getTbCrdGuaranteeSumPage?current=1&size=99999999&userNum=&customerName=&orgNum=&certNum=&certType=&r=1584362627858"
189="http://127.0.0.1:9528/dev-api/git-demo/tbcrdsum/getTbCrdGuaranteeSumPage?current=1&size=10&userNum=&customerName=&orgNum=01000&certNum=&certType=&r=1584362628323"
190="http://127.0.0.1:9528/dev-api/git-csm/csmaddressinfo/page?current=1&size=5&customerNum=C0017&r=1584362631923"
191="http://127.0.0.1:9528/dev-api/git-csm/csmcorporation/getCsmCorporationPageByCusNum?customerNum=C0017&r=1584362631923"
192="http://127.0.0.1:9528/dev-api/git-csm/csmmanageteam/getCsmManageTeamPageByCusNum?current=1&size=5&customerNum=C0017&r=1584362631923"
193="http://127.0.0.1:9528/dev-api/git-csm/csmrelation/page?current=1&size=5&customerNum=C0017&r=1584362631923"
194="http://127.0.0.1:9528/dev-api/git-demo/tbcrdsum/getTbCrdGuaranteeSumPage?current=1&size=10&userNum=&customerName=&orgNum=&certNum=&certType=&r=1584362638078"
195="info_26_ledger_guaranteeLedger_72"
196="http://127.0.0.1:9528/dev-api/git-demo/tbcrdsum/getTbCrdGuaranteeSumPage?current=1&size=99999999&userNum=&customerName=&orgNum=&certNum=&certType=&r=1584362638078"
197="http://127.0.0.1:9528/dev-api/git-demo/tbcrdsum/getTbCrdGuaranteeSumPage?current=1&size=10&userNum=&customerName=&orgNum=01000&certNum=&certType=&r=1584362638558"
198="info_27_ledger_guaranteeLedger_91"
199="ledger_thirdPartyAccount_Transaction"
10="http://192.168.43.81:9528/sockjs-node/info?t=1584361917974"
11="http://localhost:9528/sockjs-node/info?t=1584361917972"
12="http://127.0.0.1:9528/dev-api/git-system/menu/buttons?r=1584361954432"
13="http://127.0.0.1:9528/dev-api/git-system/menu/routes?r=1584361953973"
14="http://127.0.0.1:9528/dev-api/git-system/sysdate/workDateTime?r=1584361955574"
15="http://127.0.0.1:9528/dev-api/git-system/menu/top-menu?r=1584361955574"
16="http://127.0.0.1:9528/dev-api/git-desk/notice/page?createDept=01000&current=1&size=999&r=1584361956944"
17="http://127.0.0.1:9528/dev-api/git-chart/org-chart/getStatisOrg?orgNum=01000&r=1584361956944"
18="http://127.0.0.1:9528/dev-api/git-rcm/ledger/home?useOrgNum=16200&r=1584361956944"
19="127.0.0.1_9528_2_vuser_init_23"
20="http://get.sogou.com/q"
21="q_vuser_init_71"
22="http://127.0.0.1:9528/dev-api/git-auth/oauth/depts?account=admin"
23="depts_vuser_init_93"
24="http://127.0.0.1:9528/dev-api/git-auth/oauth/token?account=admin&password=123456&grant_type=password&scope=all&type=account&deptId=01000"
25="http://config.push.sogou.com/config/pushserver.do?conn-type=array&udid=7ECF564122FC186A3C4FC2D561C3B41E&appid=4000"
26="token_vuser_init_130"
27="http://dralot.ie.sogou.com/feedback"
28="feedback_vuser_init_167"
29="http://dralot.ie.sogou.com/coll"
30="coll_vuser_init_178"
31="http://dralot.ie.sogou.com/actor/favor"
32="favor_vuser_init_191"
33="http://127.0.0.1:9528/dev-api/git-user/info"
34="info_vuser_init_208"
35="info_2_vuser_init_219"
36="info_3_vuser_init_230"
37="depts_2_vuser_init_241"
38="vuser_init_Transaction"
39="http://127.0.0.1:9528/dev-api/git-chart/customer-chart/getCrdListSumPage?current=1&size=10&userNum=&customerName=&orgNum=&certNum=&certType=&customerType=2&r=1584362002373"
40="http://127.0.0.1:9528/dev-api/git-chart/customer-chart/getCrdListSumPage?current=1&size=9999999&userNum=&customerName=&orgNum=&certNum=&certType=&customerType=2&r=1584362002373"
41="http://127.0.0.1:9528/dev-api/git-chart/customer-chart/getCrdListSumPage?current=1&size=10&userNum=&customerName=%E5%AD%99%E6%82%9F%E7%A9%BA&orgNum=01000&certNum=&certType=&customerType=2&r=1584362021230"
42="http://127.0.0.1:9528/dev-api/git-chart/customer-chart/getCrdListSumPage?current=1&size=10&userNum=&customerName=&orgNum=01000&certNum=&certType=&customerType=2&r=1584362003011"
43="http://127.0.0.1:9528/dev-api/git-chart/customer-chart/getCrdListSumPage?current=1&size=10&userNum=&customerName=&orgNum=01000&customerNum=C0011&certNum=&certType=&customerType=2&r=1584362029586"
44="info_4_ledger_companyCustomer_6"
45="http://127.0.0.1:9528/dev-api/git-chart/customer-chart/getCrdListSumPage?current=1&size=10&userNum=&customerName=&orgNum=01000&certNum=420984199910107000&certType=&customerType=2&r=1584362065001"
46="http://127.0.0.1:9528/dev-api/git-chart/customer-chart/getCrdListSumPage?current=1&size=10&userNum=&customerName=&orgNum=01000&certNum=&certType=&customerType=2&r=1584362040636"
47="info_5_ledger_companyCustomer_25"
48="http://127.0.0.1:9528/dev-api/git-system/dict/dictTranslate?code=org&r=1584362078451"
49="http://127.0.0.1:9528/dev-api/git-chart/customer-chart/getCrdListSumPage?current=1&size=10&userNum=&customerName=&orgNum=01000&certNum=&certType=&customerType=2&r=1584362071705"
200="http://127.0.0.1:9528/dev-api/git-credit/crdsum/findThirdPartyCrdSumPage?current=1&size=99999999&certType=&certNum=&customerName=&userNum=&orgNum=&r=1584362657819"
201="http://127.0.0.1:9528/dev-api/git-credit/crdsum/findThirdPartyCrdSumPage?current=1&size=10&certType=&certNum=&customerName=&userNum=&orgNum=&r=1584362657819"
202="http://127.0.0.1:9528/dev-api/git-credit/crdsum/findThirdPartyCrdSumPage?current=1&size=10&certType=&certNum=&customerName=&userNum=&orgNum=01000&r=1584362658214"
203="http://127.0.0.1:9528/dev-api/git-credit/crdsum/findThirdPartyCrdSumPage?current=1&size=10&certType=&certNum=&customerName=%E9%99%88%E5%A4%A7%E5%B7%9D%E5%BC%80%E4%B8%AA%E5%85%AC%E5%8F%B8&userNum=&orgNum=01000&r=1584362668283"
204="http://127.0.0.1:9528/dev-api/git-chart/customer-chart/getOrgByCust?customerNum=C002&r=1584362673535"
205="http://127.0.0.1:9528/dev-api/git-demo/crdDetail/findThirdPartyCrdDetailPage?current=1&size=5&customerNum=C002&orgNum=01000&r=1584362673535"
50="info_6_ledger_companyCustomer_41"
51="http://127.0.0.1:9528/dev-api/git-system/dept/getList?current=1&size=10&deptName=&fullName=&orgType="
206="http://127.0.0.1:9528/dev-api/git-demo/crdapplyserial/getApplySerialPage?current=1&size=5&customerNum=23412&orgNum=10101&r=1584362673535"
207="http://127.0.0.1:9528/dev-api/git-demo/tbcrdapprove/findThirdPartyCrdApprovePage?current=1&size=5&customerNum=C005&orgNum=01000&r=1584362673535"
52="getList_ledger_companyCustomer_55"
53="http://127.0.0.1:9528/dev-api/git-system/dept/getList?current=1&size=10&deptName=%E8%B5%A3%E6%98%8C%E5%86%9C%E5%95%86%E9%93%B6%E8%A1%8C&fullName=&orgType="
208="http://127.0.0.1:9528/dev-api/git-chart/customer-chart/listGrtPage?current=1&size=5&customerNum=C002&orgNum=01000&r=1584362673535"
209="info_28_ledger_thirdPartyAccount_6"
54="http://127.0.0.1:9528/dev-api/git-chart/customer-chart/getCrdListSumPage?current=1&size=10&userNum=&customerName=&orgNum=10100&certNum=&certType=&customerType=2&r=1584362093632"
55="http://127.0.0.1:9528/dev-api/git-chart/customer-chart/getOrgByCust?customerNum=C0011&r=1584362108463"
56="http://127.0.0.1:9528/dev-api/git-system/dict/dictTranslate?code=org&r=1584362108463"
57="http://127.0.0.1:9528/dev-api/git-chart/customer-chart/sumCsmCrd?customerNum=C0011&orgNum=01000&r=1584362110740"
58="http://127.0.0.1:9528/dev-api/git-chart/customer-chart/listCrdDetail?customerNum=C0011&orgNum=01000&r=1584362110740"
59="getList_2_ledger_companyCustomer_66"
210="http://127.0.0.1:9528/dev-api/git-credit/crdsum/findThirdPartyCrdSumPage?current=1&size=10&certType=&certNum=&customerName=&userNum=&orgNum=&r=1584362678819"
211="http://127.0.0.1:9528/dev-api/git-credit/crdsum/findThirdPartyCrdSumPage?current=1&size=99999999&certType=&certNum=&customerName=&userNum=&orgNum=&r=1584362678819"
212="http://127.0.0.1:9528/dev-api/git-credit/crdsum/findThirdPartyCrdSumPage?current=1&size=10&certType=&certNum=&customerName=&userNum=&orgNum=01000&r=1584362679183"
213="http://127.0.0.1:9528/dev-api/git-credit/crdsum/findThirdPartyCrdSumPage?current=1&size=10&certType=&certNum=&customerName=&customerNum=C002&userNum=&orgNum=01000&r=1584362688299"
214="http://127.0.0.1:9528/dev-api/git-system/dict/dictTranslate?code=org&r=1584362699037"
215="http://127.0.0.1:9528/dev-api/git-credit/crdsum/findThirdPartyCrdSumPage?current=1&size=10&certType=&certNum=420984199910102111&customerName=&customerNum=C002&userNum=&orgNum=01000&r=1584362694636"
60="http://127.0.0.1:9528/dev-api/git-chart/customer-chart/getCrdListSumPage?current=1&size=10&userNum=&customerName=&orgNum=&certNum=&certType=&customerType=2&r=1584362123111"
61="http://127.0.0.1:9528/dev-api/git-chart/customer-chart/getCrdListSumPage?current=1&size=9999999&userNum=&customerName=&orgNum=&certNum=&certType=&customerType=2&r=1584362123111"
216="info_29_ledger_thirdPartyAccount_27"
217="getList_ledger_thirdPartyAccount_45"
62="http://127.0.0.1:9528/dev-api/git-chart/customer-chart/getCrdListSumPage?current=1&size=10&userNum=&customerName=&orgNum=01000&certNum=&certType=&customerType=2&r=1584362123533"
63="http://127.0.0.1:9528/dev-api/git-csm/csmcorporation/getCsmCorporationPageByCusNum?customerNum=C0011&r=1584362129715"
218="http://127.0.0.1:9528/dev-api/git-system/dept/getList?current=1&size=10&deptName=%E8%BF%9B%E8%B4%A4%E5%86%9C%E5%95%86%E9%93%B6%E8%A1%8C&fullName=&orgType="
219="http://127.0.0.1:9528/dev-api/git-csm/csmcorporation/getCsmCorporationPageByCusNum?customerNum=C002&r=1584362718915"
64="http://127.0.0.1:9528/dev-api/git-csm/csmaddressinfo/page?current=1&size=5&customerNum=C0011&r=1584362129715"
65="http://127.0.0.1:9528/dev-api/git-csm/csmrelation/page?current=1&size=5&customerNum=C0011&r=1584362129715"
66="http://127.0.0.1:9528/dev-api/git-csm/csmmanageteam/getCsmManageTeamPageByCusNum?current=1&size=5&customerNum=C0011&r=1584362129715"
67="info_7_ledger_companyCustomer_85"
68="http://127.0.0.1:9528/dev-api/git-chart/customer-chart/getCrdListSumPage?current=1&size=10&userNum=&customerName=&orgNum=&certNum=&certType=&customerType=2&r=1584362136727"
69="http://127.0.0.1:9528/dev-api/git-chart/customer-chart/getCrdListSumPage?current=1&size=9999999&userNum=&customerName=&orgNum=&certNum=&certType=&customerType=2&r=1584362136727"
220="http://127.0.0.1:9528/dev-api/git-credit/crdsum/findThirdPartyCrdSumPage?current=1&size=10&certType=&certNum=420984199910102111&customerName=&customerNum=C002&userNum=&orgNum=10300&r=1584362709401"
221="http://127.0.0.1:9528/dev-api/git-csm/csmaddressinfo/page?current=1&size=5&customerNum=C002&r=1584362718915"
222="http://127.0.0.1:9528/dev-api/git-csm/csmrelation/page?current=1&size=5&customerNum=C002&r=1584362718915"
223="http://127.0.0.1:9528/dev-api/git-csm/csmmanageteam/getCsmManageTeamPageByCusNum?current=1&size=5&customerNum=C002&r=1584362718915"
224="getList_ledger_thirdPartyAccount_56"
225="http://127.0.0.1:9528/dev-api/git-credit/crdsum/findThirdPartyCrdSumPage?current=1&size=10&certType=&certNum=&customerName=&userNum=&orgNum=&r=1584362723245"
70="http://127.0.0.1:9528/dev-api/git-chart/customer-chart/getCrdListSumPage?current=1&size=10&userNum=&customerName=&orgNum=01000&certNum=&certType=&customerType=2&r=1584362137117"
71="info_8_ledger_companyCustomer_106"
226="http://127.0.0.1:9528/dev-api/git-credit/crdsum/findThirdPartyCrdSumPage?current=1&size=99999999&certType=&certNum=&customerName=&userNum=&orgNum=&r=1584362723245"
227="http://127.0.0.1:9528/dev-api/git-credit/crdsum/findThirdPartyCrdSumPage?current=1&size=10&certType=&certNum=&customerName=&userNum=&orgNum=01000&r=1584362723574"
72="ledger_companyCustomer_Transaction"
73="http://127.0.0.1:9528/dev-api/git-chart/customer-chart/getCrdListSumPage?current=1&size=10&userNum=&customerName=&orgNum=&certNum=&certType=&customerType=1&r=1584362159615"
228="http://127.0.0.1:9528/dev-api/git-doc/excel-report/query/bankCreditTable?current=1&size=10&customerName=&r=1584362736826"
229="info_30_ledger_thirdPartyAccount_73"
74="getCrdL_ledger_individualCustomer_6"
75="http://127.0.0.1:9528/dev-api/git-chart/customer-chart/getCrdListSumPage?current=1&size=99999999&userNum=&customerName=&orgNum=&certNum=&certType=&customerType=1&r=1584362159615"
76="http://127.0.0.1:9528/dev-api/git-chart/customer-chart/getCrdListSumPage?current=1&size=10&userNum=&customerName=&orgNum=01000&certNum=&certType=&customerType=1&r=1584362160500"
77="http://127.0.0.1:9528/dev-api/git-chart/customer-chart/getCrdListSumPage?current=1&size=10&userNum=&customerName=%E9%99%86%E5%B0%8F%E5%87%A4&orgNum=01000&certNum=&certType=&customerType=1&r=1584362170564"
78="info_9_ledger_individualCustomer_14"
79="http://127.0.0.1:9528/dev-api/git-chart/customer-chart/getCrdListSumPage?current=1&size=10&userNum=&customerName=&orgNum=01000&certNum=&certType=&customerType=1&r=1584362175731"
230="ledger_interbankCredit_Transaction"
231="http://127.0.0.1:9528/dev-api/git-system/sysdate/workDateTime?r=1584362766409"
232="workDateTi_ledger_interbankCredit_6"
233="http://127.0.0.1:9528/dev-api/git-desk/notice/page?createDept=01000&current=1&size=999&r=1584362766830"
234="http://127.0.0.1:9528/dev-api/git-chart/org-chart/getStatisOrg?orgNum=01000&r=1584362766832"
235="http://127.0.0.1:9528/dev-api/git-doc/excel-report/query/bankCreditTable?current=1&size=10&customerName=&r=1584362768530"
80="info_1_ledger_individualCustomer_29"
81="http://127.0.0.1:9528/dev-api/git-chart/customer-chart/getCrdListSumPage?current=1&size=10&userNum=&customerName=&orgNum=01000&certNum=&certType=&customerType=1&r=1584362196579"
236="http://127.0.0.1:9528/dev-api/git-rcm/ledger/home?useOrgNum=16200&r=1584362766832"
237="http://127.0.0.1:9528/dev-api/git-doc/excel-report/query/bankCreditTable?current=1&size=10&customerName=&r=1584362793514"
82="http://127.0.0.1:9528/dev-api/git-chart/customer-chart/getCrdListSumPage?current=1&size=10&userNum=&customerName=&orgNum=01000&certNum=420984199910103300&certType=&customerType=1&r=1584362207317"
83="info_1_ledger_individualCustomer_44"
238="http://127.0.0.1:9528/dev-api/git-doc/excel-report/query/bankCreditTable?current=1&size=10&customerName=%E7%9C%81&r=1584362789626"
239="http://127.0.0.1:9528/dev-api/git-doc/excel-report/query/bankCreditTable?current=1&size=10&customerName=&r=1584362794734"
84="http://127.0.0.1:9528/dev-api/git-system/dict/dictTranslate?code=org&r=1584362214698"
85="info_1_ledger_individualCustomer_60"
86="http://127.0.0.1:9528/dev-api/git-chart/customer-chart/getCrdListSumPage?current=1&size=10&userNum=&customerName=&orgNum=01000&certNum=&certType=&customerType=1&r=1584362214931"
87="getLis_ledger_individualCustomer_73"
88="http://127.0.0.1:9528/dev-api/git-system/dept/getList?current=1&size=10&deptName=%E6%96%B0%E5%BB%BA%E5%86%9C%E5%95%86%E9%93%B6%E8%A1%8C&fullName=&orgType="
89="http://127.0.0.1:9528/dev-api/git-chart/customer-chart/getCrdListSumPage?current=1&size=10&userNum=&customerName=&orgNum=10200&certNum=&certType=&customerType=1&r=1584362225064"
240="info_31_ledger_interbankCredit_14"
241="http://106.12.241.109:9080/git-doc/excel-report/download/bankCreditTable?customerName"
242="bankCredi_ledger_interbankCredit_33"
243="mechanismView_Transaction"
244="vuser_end_Transaction"
245="http://127.0.0.1:9528/dev-api/git-auth/oauth/logout"
90="getLis_ledger_individualCustomer_86"
91="http://127.0.0.1:9528/dev-api/git-system/dict/dictTranslate?code=org&r=1584362240844"
246="logout_vuser_end_6"
92="http://127.0.0.1:9528/dev-api/git-chart/customer-chart/getCrdListSumPage?current=1&size=10&userNum=&customerName=&orgNum=01000&certNum=&certType=&customerType=1&r=1584362229385"
93="http://127.0.0.1:9528/dev-api/git-chart/customer-chart/getOrgByCust?customerNum=C0016&r=1584362240844"
94="http://127.0.0.1:9528/dev-api/git-chart/customer-chart/sumCsmCrd?customerNum=C0016&orgNum=01000&r=1584362242906"
95="http://127.0.0.1:9528/dev-api/git-chart/customer-chart/listCrdDetail?customerNum=C0016&orgNum=01000&r=1584362242906"
96="http://127.0.0.1:9528/dev-api/git-chart/customer-chart/getCrdListSumPage?current=1&size=10&userNum=&customerName=&orgNum=&certNum=&certType=&customerType=1&r=1584362248048"
97="info_1_ledger_individualCustomer_99"
98="http://127.0.0.1:9528/dev-api/git-chart/customer-chart/getCrdListSumPage?current=1&size=99999999&userNum=&customerName=&orgNum=&certNum=&certType=&customerType=1&r=1584362248048"
99="http://127.0.0.1:9528/dev-api/git-chart/customer-chart/getCrdListSumPage?current=1&size=10&userNum=&customerName=&orgNum=01000&certNum=&certType=&customerType=1&r=1584362248847"
